12345blue67890
12345red67890
12345yelllow67890
1234567890
12345blue67890
12345red67890
12345yelllow67890
1234567890
12345blue67890
12345red67890
12345yelllow67890
1234567890
12345blue67890
12345red67890
12345yelllow67890
1234567890
12345blue67890
12345red67890
12345yelllow67890
1234567890
12345blue67890
12345red67890
12345yelllow67890
1234567890
12345blue67890
12345red67890
12345yelllow67890
1234567890
12345blue67890
12345red67890
12345yelllow67890
1234567890
12345blue67890
12345red67890
12345yelllow67890
1234567890
12345blue67890
12345red67890
12345yelllow67890
1234567890
12345blue67890
12345red67890
12345yelllow67890
1234567890
12345blue67890
12345red67890
12345yelllow67890
1234567890
